// Jest Snapshot v1, https://goo.gl/fbAQLP

exports[`renders correctly 1`] = `
<div
  className="container"
>
  <div
    className="display"
  >
    0
     
     
     
  </div>
  <div
    className="keys"
  >
    <button
      className="nosign"
      onClick={[Function]}
      type="button"
      value="AC"
    >
      AC
    </button>
    <button
      className="nosign"
      onClick={[Function]}
      type="button"
      value="+/-"
    >
      +/-
    </button>
    <button
      className="nosign"
      onClick={[Function]}
      type="button"
      value="%"
    >
      %
    </button>
    <button
      className="sign"
      onClick={[Function]}
      type="button"
      value="+"
    >
      +
    </button>
    <button
      className="nosign"
      onClick={[Function]}
      type="button"
      value="7"
    >
      7
    </button>
    <button
      className="nosign"
      onClick={[Function]}
      type="button"
      value="8"
    >
      8
    </button>
    <button
      className="nosign"
      onClick={[Function]}
      type="button"
      value="9"
    >
      9
    </button>
    <button
      className="sign"
      onClick={[Function]}
      type="button"
      value="x"
    >
      X
    </button>
    <button
      className="nosign"
      onClick={[Function]}
      type="button"
      value="4"
    >
      4
    </button>
    <button
      className="nosign"
      onClick={[Function]}
      type="button"
      value="5"
    >
      5
    </button>
    <button
      className="nosign"
      onClick={[Function]}
      type="button"
      value="6"
    >
      6
    </button>
    <button
      className="sign"
      onClick={[Function]}
      type="button"
      value="-"
    >
      -
    </button>
    <button
      className="nosign"
      onClick={[Function]}
      type="button"
      value="1"
    >
      1
    </button>
    <button
      className="nosign"
      onClick={[Function]}
      type="button"
      value="2"
    >
      2
    </button>
    <button
      className="nosign"
      onClick={[Function]}
      type="button"
      value="3"
    >
      3
    </button>
    <button
      className="sign"
      onClick={[Function]}
      type="button"
      value="+"
    >
      +
    </button>
    <button
      className="span-2"
      onClick={[Function]}
      type="button"
      value="0"
    >
      0
    </button>
    <button
      className="nosign"
      onClick={[Function]}
      type="button"
      value="."
    >
      .
    </button>
    <button
      className="sign"
      onClick={[Function]}
      type="button"
      value="="
    >
      =
    </button>
  </div>
</div>
`;
